// Jest Snapshot v1, https://goo.gl/fbAQLP

exports[`WithActiveCard should render 1`] = `<div />`;
