// Jest Snapshot v1, https://goo.gl/fbAQLP

exports[`FilmCard should render 1`] = `
<article
  className="small-movie-card catalog__movies-card"
  onMouseEnter={[Function]}
  onMouseLeave={[Function]}
>
  <div
    className="small-movie-card__image"
  >
    <video
      height={175}
      loop={true}
      muted={true}
      preload="false"
      src="img/fantastic-beasts-the-crimes-of-grindelwald.jpg"
      width={280}
    />
  </div>
  <h3
    className="small-movie-card__title"
  >
    <a
      className="small-movie-card__link"
      href="fantastic-beasts-the-crimes-of-grindelwald.html"
      onClick={[Function]}
    >
      Fantastic Beasts: The Crimes of Grindelwald
    </a>
  </h3>
</article>
`;
